

## emmc

**eMMC (嵌入式多媒体卡)**: eMMC 是一种广泛使用在移动设备上的存储形式，如智能手机和平板电脑。它是一种集成的存储解决方案，包括闪存存储和闪存控制器在一个小型封装中。eMMC 设备通常使用 **ext4** 文件系统。**ext4** 是一种广泛使用的日志文件系统，它是 ext3 文件系统的后继者，为 Linux 系统设计。它支持大容量存储和大文件，提供了更高的存储效率和改进的数据完整性检查。



## nand

**NAND Flash**: NAND 闪存是一种电子非易失性计算机存储芯片类型，广泛用于固态硬盘、USB 闪存驱动器等。由于其设计，NAND 闪存适合于大容量数据存储。在 NAND 闪存上，**UBIFS (UBI File System)** 是专为 NAND 闪存设计的文件系统。UBIFS 支持写入均衡、坏块管理和错误校正，这对于 NAND 闪存的长寿命和数据完整性至关重要。



### 制作烧录镜像

* 根据bootargs传入的参数，内核会自动加载

  ~~~sh
  setenv sys_bootargs ubi.mtd=4 ubi.block=0,0 ubi.mtd=5,2048 ubi.block=1,0 ubi.mtd=6,2048 ubi.block=2,0 ubi.mtd=8,2048 root=/dev/ubiblock0_0 rootfstype=squashfs
  ~~~

* data_partition目录放置分区文件

  ~~~sh
  mkfs.ubifs -F -e 0x1F000 -c 66 -m 2048 -r data_partition -o data.ubifs -v
  ~~~

  选择124KB（即0x1F000字节）作为逻辑擦除块（LEB）大小的原因通常与特定的闪存设备特性、文件系统的效率以及实际应用需求有关。下面是一些决定使用124KB作为LEB大小的可能原因：

  * 闪存设备的物理擦除块大小

    NAND闪存设备的物理擦除块（PEB）大小是该设备最小擦除单位的大小。物理擦除块的大小通常是固定的，比如128KB、256KB等。使用小于或等于PEB大小的LEB可以帮助确保文件系统可以高效地管理闪存，因为LEB需要完整地映射到PEB上。如果LEB大小正好是PEB大小或其分数，这有助于减少浪费的存储空间和提高存储效率。

  * 留出空间用于坏块管理和过量配置

    在NAND闪存中，随着时间的推移可能会出现坏块。因此，闪存管理算法（如UBI/UBIFS）通常会保留一部分空间用于处理坏块、提供额外的擦写周期（即过量配置）以及其他管理任务。选择124KB作为LEB大小，相对于128KB的物理块，可能是为了在每个物理擦除块中留出一些空间用于这些目的，特别是当物理擦除块大小为128KB时。

  * 优化性能和存储利用率

    文件系统性能和存储利用率受到LEB大小的影响。较小的LEB可以提高存储空间的利用率，因为文件系统可以更细粒度地管理数据。然而，如果LEB太小，可能会增加管理开销和降低性能。选择124KB作为LEB大小可能是基于对特定应用场景下性能和存储利用率的优化。

  * 遵循实践经验和兼容性考虑

    在某些情况下，选择124KB作为LEB大小可能基于实践经验或兼容性考虑。例如，如果一个特定的闪存类型或文件系统配置在多个项目或产品中表现良好，开发者可能会倾向于使用这些经过验证的配置以减少开发和测试的复杂性。

  总之，选择124KB作为LEB大小是多方面考虑的结果，旨在在特定的硬件配置、性能需求和存储效率之间找到最佳平衡。在设计和实现基于NAND闪存的存储解决方案时，重要的是要考虑这些因素，并根据实际应用需求和设备特性进行适当的调整。

* 获取vol_size大小，下面需要用

~~~sh
wangyongchao@wangyongchao:~/image$ ls -l --block-size=K data.ubifs
-rw-r--r-- 1 wangyongchao wangyongchao 1612K Feb 20 16:00 data.ubifs
wangyongchao@wangyongchao:~/t/image$
~~~

* 制作datafs.cfg文件，记得最后留一行空行

~~~sh
[datafs]
mode=ubi
image=data.ubifs
vol_id=0
vol_size=1613KiB
vol_type=dynamic
vol_name=data
vol_flags=autoresize

~~~

在配置文件中，`vol_type` 参数用于指定 UBI 卷的类型。UBI 卷可以是动态卷或静态卷，这影响了卷的使用方式和特性：

**动态卷** (`vol_type=dynamic`)：动态卷是最常用的 UBI 卷类型。它们支持动态大小调整、穿戴均衡和坏块管理。动态卷适用于大多数情况，特别是当文件系统需要频繁更新或修改时。对于使用 UBIFS 文件系统的卷，通常会选择动态卷。

**静态卷** (`vol_type=static`)：静态卷在创建时大小固定，不支持穿戴均衡和坏块管理。静态卷主要用于存储不会改变的数据，例如固件映像。静态卷的优点是读取速度可能略快于动态卷，因为它们不需要处理额外的元数据或进行穿戴均衡操作。

选择 `vol_type` 时，应考虑你的应用场景和对闪存的具体需求。动态卷提供了更多的灵活性和健壮性，适合大多数应用场景。静态卷则适用于存储不变的数据，如引导加载程序（如 U-Boot）或固件映像。

* ubi.data.ubifs为生成的烧录文件

~~~sh
wangyongchao@wangyongchao:~/image$ ubinize -o ubi.data.ubifs -m 2048 -p 128KiB -s 2048 ubi_cfg/datafs.cfg -v
ubinize: LEB size:                  126976
ubinize: PEB size:                  131072
ubinize: min. I/O size:             2048
ubinize: sub-page size:             2048
ubinize: VID offset:                2048
ubinize: data offset:               4096
ubinize: UBI image sequence number: 1524199533
ubinize: loaded the ini-file "ubi_cfg/datafs.cfg"
ubinize: count of sections: 1

ubinize: parsing section "datafs"
ubinize: mode=ubi, keep parsing
ubinize: volume type: dynamic
ubinize: volume ID: 0
ubinize: volume size: 1651712 bytes
ubinize: volume name: data
ubinize: volume alignment: 1
ubinize: autoresize flags found
ubinize: adding volume 0
ubinize: writing volume 0
ubinize: image file: data.ubifs

ubinize: writing layout volume
ubinize: done

~~~

* 制作跟文件系统的配置文件使用静态卷

~~~sh
[rootfs]
mode=ubi
image=rootfs.squashfs
vol_id=0
vol_size=3968KiB
vol_type=static
vol_name=rootfs

~~~



### 遇到的问题

* ubi3 error: ubi_read_volume_table: the layout volume was not found
  * 原因：我直接用mkfs.ubifs生成的data.ubifs文件去烧录了
  * 解决办法：ubinize处理一下才可以烧录
* mtd分区大小必须要大于vol_size





## spi nor

**SPI NOR Flash**: SPI NOR 闪存是一种常用于存储固件或引导加载程序的小容量、高速、串行接口闪存。因其可靠性和执行速度，它常用于嵌入式系统。在 SPI NOR 闪存上，**JFFS2 (Journaling Flash File System 2)** 是经常使用的文件系统。JFFS2 专为使用在 NOR 闪存上设计，提供了日志功能，可以确保即使在意外断电的情况下，数据也不会丢失或损坏。

## debugfs 

mount -t debugfs none /sys/kernel/debug

## 常用指令

~~~shell
# cat /proc/mtd 
dev:    size   erasesize  name
mtd0: 00040000 00020000 "env"
mtd1: 00100000 00020000 "idblock"
mtd2: 00100000 00020000 "uboot"
mtd3: 00800000 00020000 "boot"
mtd4: 00800000 00020000 "rootfs"
mtd5: 04000000 00020000 "A_USRFS"
mtd6: 00800000 00020000 "SOUND"
mtd7: 00100000 00020000 "FACTORY"
mtd8: 00800000 00020000 "DATA"
# cat /proc/partitions 
major minor  #blocks  name

  31        0        256 mtdblock0
  31        1       1024 mtdblock1
  31        2       1024 mtdblock2
  31        3       8192 mtdblock3
  31        4       8192 mtdblock4
  31        5      65536 mtdblock5
  31        6       8192 mtdblock6
  31        7       1024 mtdblock7
  31        8       8192 mtdblock8
 254        0       2040 ubiblock0_0
 254        1       1300 ubiblock1_0
 254        2          4 ubiblock2_0
# 
# df -h
Filesystem                Size      Used Available Use% Mounted on
/dev/root                 2.0M      2.0M         0 100% /
devtmpfs                 29.4M         0     29.4M   0% /dev
tmpfs                    29.5M         0     29.5M   0% /dev/shm
tmpfs                    29.5M     56.0K     29.5M   0% /tmp
tmpfs                    29.5M     24.0K     29.5M   0% /run
/dev/ubiblock1_0          1.4M      1.4M         0 100% /mnt/usr
/dev/ubiblock2_0        128.0K    128.0K         0 100% /mnt/usr/sound
/dev/ubi3_0               2.7M     32.0K      2.7M   1% /mnt/data
# fdisk -l
Disk /dev/ubiblock0_0: 1 MB, 2088960 bytes, 4080 sectors
17 cylinders, 1 heads, 240 sectors/track
Units: sectors of 1 * 512 = 512 bytes

Disk /dev/ubiblock0_0 doesn't contain a valid partition table
Disk /dev/ubiblock1_0: 1 MB, 1331200 bytes, 2600 sectors
65 cylinders, 1 heads, 40 sectors/track
Units: sectors of 1 * 512 = 512 bytes

Disk /dev/ubiblock1_0 doesn't contain a valid partition table
Disk /dev/ubiblock2_0: 0 MB, 4096 bytes, 8 sectors
1 cylinders, 1 heads, 8 sectors/track
Units: sectors of 1 * 512 = 512 bytes

Disk /dev/ubiblock2_0 doesn't contain a valid partition table
# 
# mount
/dev/root on / type squashfs (ro,relatime)
devtmpfs on /dev type devtmpfs (rw,relatime,size=30144k,nr_inodes=7536,mode=755)
proc on /proc type proc (rw,relatime)
devpts on /dev/pts type devpts (rw,relatime,gid=5,mode=620,ptmxmode=666)
tmpfs on /dev/shm type tmpfs (rw,relatime,mode=777)
tmpfs on /tmp type tmpfs (rw,relatime)
tmpfs on /run type tmpfs (rw,nosuid,nodev,relatime,mode=755)
sysfs on /sys type sysfs (rw,relatime)
devpts on /dev/pts type devpts (rw,relatime,gid=5,mode=620,ptmxmode=666)
/dev/ubiblock1_0 on /mnt/usr type squashfs (ro,relatime)
/dev/ubiblock2_0 on /mnt/usr/sound type squashfs (ro,relatime)
/dev/ubi3_0 on /mnt/data type ubifs (rw,relatime,assert=read-only,ubi=3,vol=0)
# 

~~~



